// Jest Snapshot v1, https://goo.gl/fbAQLP

exports[`Page - Search should render the Search Page correctly 1`] = `
<ApolloProvider
  client={
    ApolloClient {
      "cache": InMemoryCache {
        "addTypename": false,
        "cacheKeyRoot": KeyTrie {
          "weakness": true,
        },
        "config": Object {
          "addTypename": false,
          "dataIdFromObject": [Function],
          "fragmentMatcher": HeuristicFragmentMatcher {},
          "freezeResults": false,
          "resultCaching": true,
        },
        "data": DepTrackingCache {
          "data": Object {},
          "depend": [Function],
        },
        "maybeBroadcastWatch": [Function],
        "optimisticData": DepTrackingCache {
          "data": Object {},
          "depend": [Function],
        },
        "silenceBroadcast": false,
        "storeReader": StoreReader {
          "executeSelectionSet": [Function],
          "executeStoreQuery": [Function],
          "executeSubSelectedArray": [Function],
          "freezeResults": false,
        },
        "storeWriter": StoreWriter {},
        "typenameDocumentCache": Map {},
        "watches": Set {},
      },
      "clearStoreCallbacks": Array [],
      "defaultOptions": Object {},
      "disableNetworkFetches": false,
      "link": MockLink {
        "addTypename": false,
        "mockedResponsesByKey": Object {
          "{\\"query\\":\\"query getBoats($input: GetBoatInput) {\\\\n  getBoats(input: $input) {\\\\n    id\\\\n    name\\\\n    type\\\\n    year\\\\n    reviews {\\\\n      total\\\\n      score\\\\n    }\\\\n    marina\\\\n    locality\\\\n    country\\\\n    skipper\\\\n    active\\\\n    cabins\\\\n    guests\\\\n    length\\\\n    price\\\\n    imageUrl\\\\n  }\\\\n}\\\\n\\"}": Array [
            Object {
              "request": Object {
                "query": Object {
                  "definitions": Array [
                    Object {
                      "directives": Array [],
                      "kind": "OperationDefinition",
                      "name": Object {
                        "kind": "Name",
                        "value": "getBoats",
                      },
                      "operation": "query",
                      "selectionSet": Object {
                        "kind": "SelectionSet",
                        "selections": Array [
                          Object {
                            "alias": undefined,
                            "arguments": Array [
                              Object {
                                "kind": "Argument",
                                "name": Object {
                                  "kind": "Name",
                                  "value": "input",
                                },
                                "value": Object {
                                  "kind": "Variable",
                                  "name": Object {
                                    "kind": "Name",
                                    "value": "input",
                                  },
                                },
                              },
                            ],
                            "directives": Array [],
                            "kind": "Field",
                            "name": Object {
                              "kind": "Name",
                              "value": "getBoats",
                            },
                            "selectionSet": Object {
                              "kind": "SelectionSet",
                              "selections": Array [
                                Object {
                                  "alias": undefined,
                                  "arguments": Array [],
                                  "directives": Array [],
                                  "kind": "Field",
                                  "name": Object {
                                    "kind": "Name",
                                    "value": "id",
                                  },
                                  "selectionSet": undefined,
                                },
                                Object {
                                  "alias": undefined,
                                  "arguments": Array [],
                                  "directives": Array [],
                                  "kind": "Field",
                                  "name": Object {
                                    "kind": "Name",
                                    "value": "name",
                                  },
                                  "selectionSet": undefined,
                                },
                                Object {
                                  "alias": undefined,
                                  "arguments": Array [],
                                  "directives": Array [],
                                  "kind": "Field",
                                  "name": Object {
                                    "kind": "Name",
                                    "value": "type",
                                  },
                                  "selectionSet": undefined,
                                },
                                Object {
                                  "alias": undefined,
                                  "arguments": Array [],
                                  "directives": Array [],
                                  "kind": "Field",
                                  "name": Object {
                                    "kind": "Name",
                                    "value": "year",
                                  },
                                  "selectionSet": undefined,
                                },
                                Object {
                                  "alias": undefined,
                                  "arguments": Array [],
                                  "directives": Array [],
                                  "kind": "Field",
                                  "name": Object {
                                    "kind": "Name",
                                    "value": "reviews",
                                  },
                                  "selectionSet": Object {
                                    "kind": "SelectionSet",
                                    "selections": Array [
                                      Object {
                                        "alias": undefined,
                                        "arguments": Array [],
                                        "directives": Array [],
                                        "kind": "Field",
                                        "name": Object {
                                          "kind": "Name",
                                          "value": "total",
                                        },
                                        "selectionSet": undefined,
                                      },
                                      Object {
                                        "alias": undefined,
                                        "arguments": Array [],
                                        "directives": Array [],
                                        "kind": "Field",
                                        "name": Object {
                                          "kind": "Name",
                                          "value": "score",
                                        },
                                        "selectionSet": undefined,
                                      },
                                    ],
                                  },
                                },
                                Object {
                                  "alias": undefined,
                                  "arguments": Array [],
                                  "directives": Array [],
                                  "kind": "Field",
                                  "name": Object {
                                    "kind": "Name",
                                    "value": "marina",
                                  },
                                  "selectionSet": undefined,
                                },
                                Object {
                                  "alias": undefined,
                                  "arguments": Array [],
                                  "directives": Array [],
                                  "kind": "Field",
                                  "name": Object {
                                    "kind": "Name",
                                    "value": "locality",
                                  },
                                  "selectionSet": undefined,
                                },
                                Object {
                                  "alias": undefined,
                                  "arguments": Array [],
                                  "directives": Array [],
                                  "kind": "Field",
                                  "name": Object {
                                    "kind": "Name",
                                    "value": "country",
                                  },
                                  "selectionSet": undefined,
                                },
                                Object {
                                  "alias": undefined,
                                  "arguments": Array [],
                                  "directives": Array [],
                                  "kind": "Field",
                                  "name": Object {
                                    "kind": "Name",
                                    "value": "skipper",
                                  },
                                  "selectionSet": undefined,
                                },
                                Object {
                                  "alias": undefined,
                                  "arguments": Array [],
                                  "directives": Array [],
                                  "kind": "Field",
                                  "name": Object {
                                    "kind": "Name",
                                    "value": "active",
                                  },
                                  "selectionSet": undefined,
                                },
                                Object {
                                  "alias": undefined,
                                  "arguments": Array [],
                                  "directives": Array [],
                                  "kind": "Field",
                                  "name": Object {
                                    "kind": "Name",
                                    "value": "cabins",
                                  },
                                  "selectionSet": undefined,
                                },
                                Object {
                                  "alias": undefined,
                                  "arguments": Array [],
                                  "directives": Array [],
                                  "kind": "Field",
                                  "name": Object {
                                    "kind": "Name",
                                    "value": "guests",
                                  },
                                  "selectionSet": undefined,
                                },
                                Object {
                                  "alias": undefined,
                                  "arguments": Array [],
                                  "directives": Array [],
                                  "kind": "Field",
                                  "name": Object {
                                    "kind": "Name",
                                    "value": "length",
                                  },
                                  "selectionSet": undefined,
                                },
                                Object {
                                  "alias": undefined,
                                  "arguments": Array [],
                                  "directives": Array [],
                                  "kind": "Field",
                                  "name": Object {
                                    "kind": "Name",
                                    "value": "price",
                                  },
                                  "selectionSet": undefined,
                                },
                                Object {
                                  "alias": undefined,
                                  "arguments": Array [],
                                  "directives": Array [],
                                  "kind": "Field",
                                  "name": Object {
                                    "kind": "Name",
                                    "value": "imageUrl",
                                  },
                                  "selectionSet": undefined,
                                },
                              ],
                            },
                          },
                        ],
                      },
                      "variableDefinitions": Array [
                        Object {
                          "defaultValue": undefined,
                          "directives": Array [],
                          "kind": "VariableDefinition",
                          "type": Object {
                            "kind": "NamedType",
                            "name": Object {
                              "kind": "Name",
                              "value": "GetBoatInput",
                            },
                          },
                          "variable": Object {
                            "kind": "Variable",
                            "name": Object {
                              "kind": "Name",
                              "value": "input",
                            },
                          },
                        },
                      ],
                    },
                  ],
                  "kind": "Document",
                  "loc": Object {
                    "end": 311,
                    "start": 0,
                  },
                },
                "variables": Object {
                  "active": true,
                },
              },
              "result": Object {
                "data": Object {
                  "getBoats": Array [
                    Object {
                      "active": true,
                      "cabins": 5,
                      "country": "United States",
                      "guests": 10,
                      "id": 1,
                      "imageUrl": "",
                      "length": 100,
                      "locality": "California",
                      "marina": "Buff Marina",
                      "name": "Salvatore",
                      "price": 5000,
                      "reviews": Object {
                        "score": 5,
                        "total": 15,
                      },
                      "skipper": false,
                      "type": "Speed boat",
                      "year": 2015,
                    },
                  ],
                },
              },
            },
          ],
        },
      },
      "localState": LocalState {
        "cache": InMemoryCache {
          "addTypename": false,
          "cacheKeyRoot": KeyTrie {
            "weakness": true,
          },
          "config": Object {
            "addTypename": false,
            "dataIdFromObject": [Function],
            "fragmentMatcher": HeuristicFragmentMatcher {},
            "freezeResults": false,
            "resultCaching": true,
          },
          "data": DepTrackingCache {
            "data": Object {},
            "depend": [Function],
          },
          "maybeBroadcastWatch": [Function],
          "optimisticData": DepTrackingCache {
            "data": Object {},
            "depend": [Function],
          },
          "silenceBroadcast": false,
          "storeReader": StoreReader {
            "executeSelectionSet": [Function],
            "executeStoreQuery": [Function],
            "executeSubSelectedArray": [Function],
            "freezeResults": false,
          },
          "storeWriter": StoreWriter {},
          "typenameDocumentCache": Map {},
          "watches": Set {},
        },
        "client": [Circular],
      },
      "mutate": [Function],
      "query": [Function],
      "queryDeduplication": true,
      "queryManager": QueryManager {
        "assumeImmutableResults": false,
        "clientAwareness": Object {
          "name": undefined,
          "version": undefined,
        },
        "dataStore": DataStore {
          "cache": InMemoryCache {
            "addTypename": false,
            "cacheKeyRoot": KeyTrie {
              "weakness": true,
            },
            "config": Object {
              "addTypename": false,
              "dataIdFromObject": [Function],
              "fragmentMatcher": HeuristicFragmentMatcher {},
              "freezeResults": false,
              "resultCaching": true,
            },
            "data": DepTrackingCache {
              "data": Object {},
              "depend": [Function],
            },
            "maybeBroadcastWatch": [Function],
            "optimisticData": DepTrackingCache {
              "data": Object {},
              "depend": [Function],
            },
            "silenceBroadcast": false,
            "storeReader": StoreReader {
              "executeSelectionSet": [Function],
              "executeStoreQuery": [Function],
              "executeSubSelectedArray": [Function],
              "freezeResults": false,
            },
            "storeWriter": StoreWriter {},
            "typenameDocumentCache": Map {},
            "watches": Set {},
          },
        },
        "fetchQueryRejectFns": Map {},
        "idCounter": 1,
        "inFlightLinkObservables": Map {},
        "link": MockLink {
          "addTypename": false,
          "mockedResponsesByKey": Object {
            "{\\"query\\":\\"query getBoats($input: GetBoatInput) {\\\\n  getBoats(input: $input) {\\\\n    id\\\\n    name\\\\n    type\\\\n    year\\\\n    reviews {\\\\n      total\\\\n      score\\\\n    }\\\\n    marina\\\\n    locality\\\\n    country\\\\n    skipper\\\\n    active\\\\n    cabins\\\\n    guests\\\\n    length\\\\n    price\\\\n    imageUrl\\\\n  }\\\\n}\\\\n\\"}": Array [
              Object {
                "request": Object {
                  "query": Object {
                    "definitions": Array [
                      Object {
                        "directives": Array [],
                        "kind": "OperationDefinition",
                        "name": Object {
                          "kind": "Name",
                          "value": "getBoats",
                        },
                        "operation": "query",
                        "selectionSet": Object {
                          "kind": "SelectionSet",
                          "selections": Array [
                            Object {
                              "alias": undefined,
                              "arguments": Array [
                                Object {
                                  "kind": "Argument",
                                  "name": Object {
                                    "kind": "Name",
                                    "value": "input",
                                  },
                                  "value": Object {
                                    "kind": "Variable",
                                    "name": Object {
                                      "kind": "Name",
                                      "value": "input",
                                    },
                                  },
                                },
                              ],
                              "directives": Array [],
                              "kind": "Field",
                              "name": Object {
                                "kind": "Name",
                                "value": "getBoats",
                              },
                              "selectionSet": Object {
                                "kind": "SelectionSet",
                                "selections": Array [
                                  Object {
                                    "alias": undefined,
                                    "arguments": Array [],
                                    "directives": Array [],
                                    "kind": "Field",
                                    "name": Object {
                                      "kind": "Name",
                                      "value": "id",
                                    },
                                    "selectionSet": undefined,
                                  },
                                  Object {
                                    "alias": undefined,
                                    "arguments": Array [],
                                    "directives": Array [],
                                    "kind": "Field",
                                    "name": Object {
                                      "kind": "Name",
                                      "value": "name",
                                    },
                                    "selectionSet": undefined,
                                  },
                                  Object {
                                    "alias": undefined,
                                    "arguments": Array [],
                                    "directives": Array [],
                                    "kind": "Field",
                                    "name": Object {
                                      "kind": "Name",
                                      "value": "type",
                                    },
                                    "selectionSet": undefined,
                                  },
                                  Object {
                                    "alias": undefined,
                                    "arguments": Array [],
                                    "directives": Array [],
                                    "kind": "Field",
                                    "name": Object {
                                      "kind": "Name",
                                      "value": "year",
                                    },
                                    "selectionSet": undefined,
                                  },
                                  Object {
                                    "alias": undefined,
                                    "arguments": Array [],
                                    "directives": Array [],
                                    "kind": "Field",
                                    "name": Object {
                                      "kind": "Name",
                                      "value": "reviews",
                                    },
                                    "selectionSet": Object {
                                      "kind": "SelectionSet",
                                      "selections": Array [
                                        Object {
                                          "alias": undefined,
                                          "arguments": Array [],
                                          "directives": Array [],
                                          "kind": "Field",
                                          "name": Object {
                                            "kind": "Name",
                                            "value": "total",
                                          },
                                          "selectionSet": undefined,
                                        },
                                        Object {
                                          "alias": undefined,
                                          "arguments": Array [],
                                          "directives": Array [],
                                          "kind": "Field",
                                          "name": Object {
                                            "kind": "Name",
                                            "value": "score",
                                          },
                                          "selectionSet": undefined,
                                        },
                                      ],
                                    },
                                  },
                                  Object {
                                    "alias": undefined,
                                    "arguments": Array [],
                                    "directives": Array [],
                                    "kind": "Field",
                                    "name": Object {
                                      "kind": "Name",
                                      "value": "marina",
                                    },
                                    "selectionSet": undefined,
                                  },
                                  Object {
                                    "alias": undefined,
                                    "arguments": Array [],
                                    "directives": Array [],
                                    "kind": "Field",
                                    "name": Object {
                                      "kind": "Name",
                                      "value": "locality",
                                    },
                                    "selectionSet": undefined,
                                  },
                                  Object {
                                    "alias": undefined,
                                    "arguments": Array [],
                                    "directives": Array [],
                                    "kind": "Field",
                                    "name": Object {
                                      "kind": "Name",
                                      "value": "country",
                                    },
                                    "selectionSet": undefined,
                                  },
                                  Object {
                                    "alias": undefined,
                                    "arguments": Array [],
                                    "directives": Array [],
                                    "kind": "Field",
                                    "name": Object {
                                      "kind": "Name",
                                      "value": "skipper",
                                    },
                                    "selectionSet": undefined,
                                  },
                                  Object {
                                    "alias": undefined,
                                    "arguments": Array [],
                                    "directives": Array [],
                                    "kind": "Field",
                                    "name": Object {
                                      "kind": "Name",
                                      "value": "active",
                                    },
                                    "selectionSet": undefined,
                                  },
                                  Object {
                                    "alias": undefined,
                                    "arguments": Array [],
                                    "directives": Array [],
                                    "kind": "Field",
                                    "name": Object {
                                      "kind": "Name",
                                      "value": "cabins",
                                    },
                                    "selectionSet": undefined,
                                  },
                                  Object {
                                    "alias": undefined,
                                    "arguments": Array [],
                                    "directives": Array [],
                                    "kind": "Field",
                                    "name": Object {
                                      "kind": "Name",
                                      "value": "guests",
                                    },
                                    "selectionSet": undefined,
                                  },
                                  Object {
                                    "alias": undefined,
                                    "arguments": Array [],
                                    "directives": Array [],
                                    "kind": "Field",
                                    "name": Object {
                                      "kind": "Name",
                                      "value": "length",
                                    },
                                    "selectionSet": undefined,
                                  },
                                  Object {
                                    "alias": undefined,
                                    "arguments": Array [],
                                    "directives": Array [],
                                    "kind": "Field",
                                    "name": Object {
                                      "kind": "Name",
                                      "value": "price",
                                    },
                                    "selectionSet": undefined,
                                  },
                                  Object {
                                    "alias": undefined,
                                    "arguments": Array [],
                                    "directives": Array [],
                                    "kind": "Field",
                                    "name": Object {
                                      "kind": "Name",
                                      "value": "imageUrl",
                                    },
                                    "selectionSet": undefined,
                                  },
                                ],
                              },
                            },
                          ],
                        },
                        "variableDefinitions": Array [
                          Object {
                            "defaultValue": undefined,
                            "directives": Array [],
                            "kind": "VariableDefinition",
                            "type": Object {
                              "kind": "NamedType",
                              "name": Object {
                                "kind": "Name",
                                "value": "GetBoatInput",
                              },
                            },
                            "variable": Object {
                              "kind": "Variable",
                              "name": Object {
                                "kind": "Name",
                                "value": "input",
                              },
                            },
                          },
                        ],
                      },
                    ],
                    "kind": "Document",
                    "loc": Object {
                      "end": 311,
                      "start": 0,
                    },
                  },
                  "variables": Object {
                    "active": true,
                  },
                },
                "result": Object {
                  "data": Object {
                    "getBoats": Array [
                      Object {
                        "active": true,
                        "cabins": 5,
                        "country": "United States",
                        "guests": 10,
                        "id": 1,
                        "imageUrl": "",
                        "length": 100,
                        "locality": "California",
                        "marina": "Buff Marina",
                        "name": "Salvatore",
                        "price": 5000,
                        "reviews": Object {
                          "score": 5,
                          "total": 15,
                        },
                        "skipper": false,
                        "type": "Speed boat",
                        "year": 2015,
                      },
                    ],
                  },
                },
              },
            ],
          },
        },
        "localState": LocalState {
          "cache": InMemoryCache {
            "addTypename": false,
            "cacheKeyRoot": KeyTrie {
              "weakness": true,
            },
            "config": Object {
              "addTypename": false,
              "dataIdFromObject": [Function],
              "fragmentMatcher": HeuristicFragmentMatcher {},
              "freezeResults": false,
              "resultCaching": true,
            },
            "data": DepTrackingCache {
              "data": Object {},
              "depend": [Function],
            },
            "maybeBroadcastWatch": [Function],
            "optimisticData": DepTrackingCache {
              "data": Object {},
              "depend": [Function],
            },
            "silenceBroadcast": false,
            "storeReader": StoreReader {
              "executeSelectionSet": [Function],
              "executeStoreQuery": [Function],
              "executeSubSelectedArray": [Function],
              "freezeResults": false,
            },
            "storeWriter": StoreWriter {},
            "typenameDocumentCache": Map {},
            "watches": Set {},
          },
          "client": [Circular],
        },
        "mutationStore": MutationStore {
          "store": Object {},
        },
        "onBroadcast": [Function],
        "pollingInfoByQueryId": Map {},
        "queries": Map {},
        "queryDeduplication": true,
        "queryStore": QueryStore {
          "store": Object {},
        },
        "ssrMode": false,
        "transformCache": WeakMap {},
      },
      "reFetchObservableQueries": [Function],
      "resetStore": [Function],
      "resetStoreCallbacks": Array [],
      "store": DataStore {
        "cache": InMemoryCache {
          "addTypename": false,
          "cacheKeyRoot": KeyTrie {
            "weakness": true,
          },
          "config": Object {
            "addTypename": false,
            "dataIdFromObject": [Function],
            "fragmentMatcher": HeuristicFragmentMatcher {},
            "freezeResults": false,
            "resultCaching": true,
          },
          "data": DepTrackingCache {
            "data": Object {},
            "depend": [Function],
          },
          "maybeBroadcastWatch": [Function],
          "optimisticData": DepTrackingCache {
            "data": Object {},
            "depend": [Function],
          },
          "silenceBroadcast": false,
          "storeReader": StoreReader {
            "executeSelectionSet": [Function],
            "executeStoreQuery": [Function],
            "executeSubSelectedArray": [Function],
            "freezeResults": false,
          },
          "storeWriter": StoreWriter {},
          "typenameDocumentCache": Map {},
          "watches": Set {},
        },
      },
      "typeDefs": undefined,
      "version": "2.6.8",
      "watchQuery": [Function],
    }
  }
>
  <Search />
</ApolloProvider>
`;
