// Jest Snapshot v1, https://goo.gl/fbAQLP

exports[`Page - Home should render the Home Page correctly 1`] = `
<styled.div
  background="boat.jpg"
>
  <styled.div>
    <div
      className="row justify-content-center text-center"
    >
      <div
        className="col-md-12 col-lg-8"
      >
        <h1
          className="white-text"
        >
          Your next boat trip starts here
        </h1>
        <h5
          className="white-text"
        >
          Find your next destination
        </h5>
        <Link
          className="btn btn-secondary btn-lg"
          role="button"
          to={
            Object {
              "pathname": "/search",
              "search": "?length=0&year=1950",
            }
          }
        >
          Search
        </Link>
      </div>
    </div>
  </styled.div>
</styled.div>
`;
