// Jest Snapshot v1, https://goo.gl/fbAQLP

exports[`Styled Components - BoldUpperText should render the BoldUpperText correctly 1`] = `
<div
  className="sc-AxjAm fOfywv"
/>
`;
